Report time       : Tue Apr 18 14:52:38 NZST 2017.
Solution          : solution1.
Simulation tool   : xsim.

+----------+----------+-----------------------------------------------+-----------------------------------------------+
|          |          |                    Latency                    |                    Interval                   |
+   RTL    +  Status  +-----------------------------------------------+-----------------------------------------------+
|          |          |      min      |      avg      |      max      |      min      |      avg      |      max      |
+----------+----------+-----------------------------------------------+-----------------------------------------------+
|      VHDL|        NA|            106|            106|            106|              0|              0|              0|
|   Verilog|      Pass|            106|            106|            106|              0|              0|              0|
+----------+----------+-----------------------------------------------+-----------------------------------------------+
