#-----------------------------------------------------------
# Webtalk v2016.3 (64-bit)
# SW Build 1682563 on Mon Oct 10 19:07:27 MDT 2016
# IP Build 1681267 on Mon Oct 10 21:28:31 MDT 2016
# Start of session at: Tue Apr 18 14:52:35 2017
# Process ID: 11800
# Current directory: C:/Users/Andrew/Documents/Vivado_projects/HLS_Xilinx_university_program/projects/lab1/lab1/solution1/sim/verilog
# Command line: wbtcv.exe -mode batch -source C:/Users/Andrew/Documents/Vivado_projects/HLS_Xilinx_university_program/projects/lab1/lab1/solution1/sim/verilog/xsim.dir/matrixmul/webtalk/xsim_webtalk.tcl -notrace
# Log file: C:/Users/Andrew/Documents/Vivado_projects/HLS_Xilinx_university_program/projects/lab1/lab1/solution1/sim/verilog/webtalk.log
# Journal file: C:/Users/Andrew/Documents/Vivado_projects/HLS_Xilinx_university_program/projects/lab1/lab1/solution1/sim/verilog\webtalk.jou
#-----------------------------------------------------------
source C:/Users/Andrew/Documents/Vivado_projects/HLS_Xilinx_university_program/projects/lab1/lab1/solution1/sim/verilog/xsim.dir/matrixmul/webtalk/xsim_webtalk.tcl -notrace
