

================================================================
== Vivado HLS Report for 'dct_2d'
================================================================
* Date:           Wed Apr 26 22:19:39 2017

* Version:        2016.3 (Build 1682563 on Mon Oct 10 19:41:59 MDT 2016)
* Project:        dct.prj
* Solution:       solution3
* Product family: zynq
* Target device:  xc7z020clg484-1


================================================================
== Performance Estimates
================================================================
+ Timing (ns): 
    * Summary: 
    +--------+-------+----------+------------+
    |  Clock | Target| Estimated| Uncertainty|
    +--------+-------+----------+------------+
    |ap_clk  |  10.00|      9.40|        1.25|
    +--------+-------+----------+------------+

+ Latency (clock cycles): 
    * Summary: 
    +-----+-----+-----+-----+---------+
    |  Latency  |  Interval | Pipeline|
    | min | max | min | max |   Type  |
    +-----+-----+-----+-----+---------+
    |  742|  742|  742|  742|   none  |
    +-----+-----+-----+-----+---------+

    + Detail: 
        * Instance: 
        N/A

        * Loop: 
        +---------------------------------------------+-----+-----+----------+-----------+-----------+------+----------+
        |                                             |  Latency  | Iteration|  Initiation Interval  | Trip |          |
        |                  Loop Name                  | min | max |  Latency |  achieved |   target  | Count| Pipelined|
        +---------------------------------------------+-----+-----+----------+-----------+-----------+------+----------+
        |- Row_DCT_Loop                               |  304|  304|        38|          -|          -|     8|    no    |
        |- Xpose_Row_Outer_Loop_Xpose_Row_Inner_Loop  |   64|   64|         2|          1|          1|    64|    yes   |
        |- Col_DCT_Loop                               |  304|  304|        38|          -|          -|     8|    no    |
        |- Xpose_Col_Outer_Loop_Xpose_Col_Inner_Loop  |   64|   64|         2|          1|          1|    64|    yes   |
        +---------------------------------------------+-----+-----+----------+-----------+-----------+------+----------+

============================================================
+ Verbose Summary: Synthesis Manager
============================================================
InlineROM: 1
ExposeGlobal: 0
============================================================
+ Verbose Summary: CDFG Model
============================================================
IsTopModel: 0
ResetActiveHigh: 1
IsCombinational: 0
IsDatapathOnly: 0
HasWiredReturn: 1
HasMFsm: 0
HasVarLatency: 1
IsPipeline: 0
IsRtlPipelined: 0
IsInstanceOverlapped: 0
IsDontTouch: 0
HasImplIP: 0
IsGatedGlobalClock: 0

+ Individual pipeline summary: 
  * Pipeline-0: initiation interval (II) = 1, depth = 2
  * Pipeline-1: initiation interval (II) = 1, depth = 2


============================================================
+ Verbose Summary: Schedule
============================================================
* Number of FSM states: 11
* Pipeline: 2
  Pipeline-0: II = 1, D = 2, States = { 4 5 }
  Pipeline-1: II = 1, D = 2, States = { 9 10 }
* Dataflow Pipeline: 0

* FSM state transitions: 
1 --> 
	2  / true
2 --> 
	3  / (!tmp)
	4  / (tmp)
3 --> 
	2  / true
4 --> 
	6  / (exitcond_flatten)
	5  / (!exitcond_flatten)
5 --> 
	4  / true
6 --> 
	7  / true
7 --> 
	8  / (!tmp_9)
	9  / (tmp_9)
8 --> 
	7  / true
9 --> 
	11  / (exitcond_flatten1)
	10  / (!exitcond_flatten1)
10 --> 
	9  / true
11 --> 
* FSM state operations: 

 <State 1>: 1.57ns
ST_1: row_outbuf (11)  [1/1] 0.00ns
:0  %row_outbuf = alloca [64 x i16], align 2

ST_1: col_outbuf (12)  [1/1] 0.00ns
:1  %col_outbuf = alloca [64 x i16], align 2

ST_1: col_inbuf (13)  [1/1] 0.00ns  loc: resource/lab3/dct.c:27
:2  %col_inbuf = alloca [64 x i16], align 2

ST_1: StgValue_15 (14)  [1/1] 1.57ns  loc: resource/lab3/dct.c:32
:3  br label %1


 <State 2>: 3.25ns
ST_2: i (16)  [1/1] 0.00ns
:0  %i = phi i4 [ 0, %0 ], [ %i_4, %2 ]

ST_2: tmp (17)  [1/1] 1.88ns  loc: resource/lab3/dct.c:32
:1  %tmp = icmp eq i4 %i, -8

ST_2: empty (18)  [1/1] 0.00ns
:2  %empty = call i32 (...)* @_ssdm_op_SpecLoopTripCount(i64 8, i64 8, i64 8)

ST_2: i_4 (19)  [1/1] 0.80ns  loc: resource/lab3/dct.c:32
:3  %i_4 = add i4 %i, 1

ST_2: StgValue_20 (20)  [1/1] 0.00ns  loc: resource/lab3/dct.c:32
:4  br i1 %tmp, label %.preheader2.preheader.preheader, label %2

ST_2: StgValue_21 (23)  [2/2] 1.57ns  loc: resource/lab3/dct.c:33
:1  call fastcc void @dct_1d2([64 x i16]* %in_block, i4 %i, [64 x i16]* %row_outbuf, i4 %i)

ST_2: StgValue_22 (26)  [1/1] 1.57ns
.preheader2.preheader.preheader:0  br label %.preheader2.preheader


 <State 3>: 0.00ns
ST_3: StgValue_23 (22)  [1/1] 0.00ns  loc: resource/lab3/dct.c:32
:0  call void (...)* @_ssdm_op_SpecLoopName([13 x i8]* @p_str3) nounwind

ST_3: StgValue_24 (23)  [1/2] 0.00ns  loc: resource/lab3/dct.c:33
:1  call fastcc void @dct_1d2([64 x i16]* %in_block, i4 %i, [64 x i16]* %row_outbuf, i4 %i)

ST_3: StgValue_25 (24)  [1/1] 0.00ns  loc: resource/lab3/dct.c:32
:2  br label %1


 <State 4>: 7.68ns
ST_4: indvar_flatten (28)  [1/1] 0.00ns
.preheader2.preheader:0  %indvar_flatten = phi i7 [ %indvar_flatten_next, %.preheader2 ], [ 0, %.preheader2.preheader.preheader ]

ST_4: j (29)  [1/1] 0.00ns  loc: resource/lab3/dct.c:37
.preheader2.preheader:1  %j = phi i4 [ %j_cast5_mid2_v, %.preheader2 ], [ 0, %.preheader2.preheader.preheader ]

ST_4: i_1 (30)  [1/1] 0.00ns
.preheader2.preheader:2  %i_1 = phi i4 [ %i_6, %.preheader2 ], [ 0, %.preheader2.preheader.preheader ]

ST_4: exitcond_flatten (31)  [1/1] 1.97ns
.preheader2.preheader:3  %exitcond_flatten = icmp eq i7 %indvar_flatten, -64

ST_4: indvar_flatten_next (32)  [1/1] 1.72ns
.preheader2.preheader:4  %indvar_flatten_next = add i7 %indvar_flatten, 1

ST_4: StgValue_31 (33)  [1/1] 0.00ns
.preheader2.preheader:5  br i1 %exitcond_flatten, label %.preheader1.preheader, label %.preheader2

ST_4: j_2 (35)  [1/1] 0.80ns  loc: resource/lab3/dct.c:37
.preheader2:0  %j_2 = add i4 %j, 1

ST_4: tmp_s (38)  [1/1] 1.88ns  loc: resource/lab3/dct.c:39
.preheader2:3  %tmp_s = icmp eq i4 %i_1, -8

ST_4: i_1_mid2 (39)  [1/1] 1.37ns  loc: resource/lab3/dct.c:39
.preheader2:4  %i_1_mid2 = select i1 %tmp_s, i4 0, i4 %i_1

ST_4: j_cast5_mid2_v (40)  [1/1] 1.37ns  loc: resource/lab3/dct.c:37
.preheader2:5  %j_cast5_mid2_v = select i1 %tmp_s, i4 %j_2, i4 %j

ST_4: j_cast5_mid2_cast (41)  [1/1] 0.00ns  loc: resource/lab3/dct.c:37
.preheader2:6  %j_cast5_mid2_cast = zext i4 %j_cast5_mid2_v to i8

ST_4: tmp_6 (48)  [1/1] 0.00ns  loc: resource/lab3/dct.c:39
.preheader2:13  %tmp_6 = call i7 @_ssdm_op_BitConcatenate.i7.i4.i3(i4 %i_1_mid2, i3 0)

ST_4: tmp_8_cast (49)  [1/1] 0.00ns  loc: resource/lab3/dct.c:40
.preheader2:14  %tmp_8_cast = zext i7 %tmp_6 to i8

ST_4: tmp_2 (50)  [1/1] 1.72ns  loc: resource/lab3/dct.c:40
.preheader2:15  %tmp_2 = add i8 %j_cast5_mid2_cast, %tmp_8_cast

ST_4: tmp_10_cast (51)  [1/1] 0.00ns  loc: resource/lab3/dct.c:40
.preheader2:16  %tmp_10_cast = zext i8 %tmp_2 to i32

ST_4: row_outbuf_addr (52)  [1/1] 0.00ns  loc: resource/lab3/dct.c:40
.preheader2:17  %row_outbuf_addr = getelementptr [64 x i16]* %row_outbuf, i32 0, i32 %tmp_10_cast

ST_4: row_outbuf_load (56)  [2/2] 2.71ns  loc: resource/lab3/dct.c:40
.preheader2:21  %row_outbuf_load = load i16* %row_outbuf_addr, align 2

ST_4: i_6 (59)  [1/1] 0.80ns  loc: resource/lab3/dct.c:39
.preheader2:24  %i_6 = add i4 %i_1_mid2, 1


 <State 5>: 5.42ns
ST_5: StgValue_44 (36)  [1/1] 0.00ns
.preheader2:1  call void (...)* @_ssdm_op_SpecLoopName([42 x i8]* @Xpose_Row_Outer_Loop)

ST_5: empty_5 (37)  [1/1] 0.00ns
.preheader2:2  %empty_5 = call i32 (...)* @_ssdm_op_SpecLoopTripCount(i64 64, i64 64, i64 64)

ST_5: tmp_1 (42)  [1/1] 0.00ns  loc: resource/lab3/dct.c:37
.preheader2:7  %tmp_1 = call i7 @_ssdm_op_BitConcatenate.i7.i4.i3(i4 %j_cast5_mid2_v, i3 0)

ST_5: tmp_4_cast (43)  [1/1] 0.00ns  loc: resource/lab3/dct.c:39
.preheader2:8  %tmp_4_cast = zext i7 %tmp_1 to i8

ST_5: i_1_cast4_cast (44)  [1/1] 0.00ns  loc: resource/lab3/dct.c:40
.preheader2:9  %i_1_cast4_cast = zext i4 %i_1_mid2 to i8

ST_5: tmp_5 (45)  [1/1] 1.72ns  loc: resource/lab3/dct.c:40
.preheader2:10  %tmp_5 = add i8 %i_1_cast4_cast, %tmp_4_cast

ST_5: tmp_5_cast (46)  [1/1] 0.00ns  loc: resource/lab3/dct.c:40
.preheader2:11  %tmp_5_cast = zext i8 %tmp_5 to i32

ST_5: col_inbuf_addr (47)  [1/1] 0.00ns  loc: resource/lab3/dct.c:40
.preheader2:12  %col_inbuf_addr = getelementptr [64 x i16]* %col_inbuf, i32 0, i32 %tmp_5_cast

ST_5: StgValue_52 (53)  [1/1] 0.00ns  loc: resource/lab3/dct.c:40
.preheader2:18  call void (...)* @_ssdm_op_SpecLoopName([21 x i8]* @p_str5) nounwind

ST_5: tmp_7 (54)  [1/1] 0.00ns  loc: resource/lab3/dct.c:40
.preheader2:19  %tmp_7 = call i32 (...)* @_ssdm_op_SpecRegionBegin([21 x i8]* @p_str5)

ST_5: StgValue_54 (55)  [1/1] 0.00ns  loc: resource/lab3/dct.c:41
.preheader2:20  call void (...)* @_ssdm_op_SpecPipeline(i32 -1, i32 1, i32 1, i32 0, [1 x i8]* @p_str1) nounwind

ST_5: row_outbuf_load (56)  [1/2] 2.71ns  loc: resource/lab3/dct.c:40
.preheader2:21  %row_outbuf_load = load i16* %row_outbuf_addr, align 2

ST_5: StgValue_56 (57)  [1/1] 2.71ns  loc: resource/lab3/dct.c:40
.preheader2:22  store i16 %row_outbuf_load, i16* %col_inbuf_addr, align 2

ST_5: empty_6 (58)  [1/1] 0.00ns  loc: resource/lab3/dct.c:40
.preheader2:23  %empty_6 = call i32 (...)* @_ssdm_op_SpecRegionEnd([21 x i8]* @p_str5, i32 %tmp_7)

ST_5: StgValue_58 (60)  [1/1] 0.00ns
.preheader2:25  br label %.preheader2.preheader


 <State 6>: 1.57ns
ST_6: StgValue_59 (62)  [1/1] 1.57ns  loc: resource/lab3/dct.c:43
.preheader1.preheader:0  br label %.preheader1


 <State 7>: 3.25ns
ST_7: i_2 (64)  [1/1] 0.00ns
.preheader1:0  %i_2 = phi i4 [ %i_5, %3 ], [ 0, %.preheader1.preheader ]

ST_7: tmp_9 (65)  [1/1] 1.88ns  loc: resource/lab3/dct.c:43
.preheader1:1  %tmp_9 = icmp eq i4 %i_2, -8

ST_7: empty_7 (66)  [1/1] 0.00ns
.preheader1:2  %empty_7 = call i32 (...)* @_ssdm_op_SpecLoopTripCount(i64 8, i64 8, i64 8)

ST_7: i_5 (67)  [1/1] 0.80ns  loc: resource/lab3/dct.c:43
.preheader1:3  %i_5 = add i4 %i_2, 1

ST_7: StgValue_64 (68)  [1/1] 0.00ns  loc: resource/lab3/dct.c:43
.preheader1:4  br i1 %tmp_9, label %.preheader.preheader.preheader, label %3

ST_7: StgValue_65 (71)  [2/2] 1.57ns  loc: resource/lab3/dct.c:44
:1  call fastcc void @dct_1d2([64 x i16]* %col_inbuf, i4 %i_2, [64 x i16]* %col_outbuf, i4 %i_2)

ST_7: StgValue_66 (74)  [1/1] 1.57ns
.preheader.preheader.preheader:0  br label %.preheader.preheader


 <State 8>: 0.00ns
ST_8: StgValue_67 (70)  [1/1] 0.00ns  loc: resource/lab3/dct.c:43
:0  call void (...)* @_ssdm_op_SpecLoopName([13 x i8]* @p_str6) nounwind

ST_8: StgValue_68 (71)  [1/2] 0.00ns  loc: resource/lab3/dct.c:44
:1  call fastcc void @dct_1d2([64 x i16]* %col_inbuf, i4 %i_2, [64 x i16]* %col_outbuf, i4 %i_2)

ST_8: StgValue_69 (72)  [1/1] 0.00ns  loc: resource/lab3/dct.c:43
:2  br label %.preheader1


 <State 9>: 7.68ns
ST_9: indvar_flatten1 (76)  [1/1] 0.00ns
.preheader.preheader:0  %indvar_flatten1 = phi i7 [ %indvar_flatten_next1, %.preheader ], [ 0, %.preheader.preheader.preheader ]

ST_9: j_1 (77)  [1/1] 0.00ns  loc: resource/lab3/dct.c:48
.preheader.preheader:1  %j_1 = phi i4 [ %j_1_cast2_mid2_v, %.preheader ], [ 0, %.preheader.preheader.preheader ]

ST_9: i_3 (78)  [1/1] 0.00ns
.preheader.preheader:2  %i_3 = phi i4 [ %i_7, %.preheader ], [ 0, %.preheader.preheader.preheader ]

ST_9: exitcond_flatten1 (79)  [1/1] 1.97ns
.preheader.preheader:3  %exitcond_flatten1 = icmp eq i7 %indvar_flatten1, -64

ST_9: indvar_flatten_next1 (80)  [1/1] 1.72ns
.preheader.preheader:4  %indvar_flatten_next1 = add i7 %indvar_flatten1, 1

ST_9: StgValue_75 (81)  [1/1] 0.00ns
.preheader.preheader:5  br i1 %exitcond_flatten1, label %4, label %.preheader

ST_9: j_3 (83)  [1/1] 0.80ns  loc: resource/lab3/dct.c:48
.preheader:0  %j_3 = add i4 %j_1, 1

ST_9: tmp_4 (86)  [1/1] 1.88ns  loc: resource/lab3/dct.c:50
.preheader:3  %tmp_4 = icmp eq i4 %i_3, -8

ST_9: i_3_mid2 (87)  [1/1] 1.37ns  loc: resource/lab3/dct.c:50
.preheader:4  %i_3_mid2 = select i1 %tmp_4, i4 0, i4 %i_3

ST_9: j_1_cast2_mid2_v (88)  [1/1] 1.37ns  loc: resource/lab3/dct.c:48
.preheader:5  %j_1_cast2_mid2_v = select i1 %tmp_4, i4 %j_3, i4 %j_1

ST_9: j_1_cast2_mid2_cast (89)  [1/1] 0.00ns  loc: resource/lab3/dct.c:48
.preheader:6  %j_1_cast2_mid2_cast = zext i4 %j_1_cast2_mid2_v to i8

ST_9: tmp_11 (96)  [1/1] 0.00ns  loc: resource/lab3/dct.c:50
.preheader:13  %tmp_11 = call i7 @_ssdm_op_BitConcatenate.i7.i4.i3(i4 %i_3_mid2, i3 0)

ST_9: tmp_15_cast (97)  [1/1] 0.00ns  loc: resource/lab3/dct.c:51
.preheader:14  %tmp_15_cast = zext i7 %tmp_11 to i8

ST_9: tmp_12 (98)  [1/1] 1.72ns  loc: resource/lab3/dct.c:51
.preheader:15  %tmp_12 = add i8 %j_1_cast2_mid2_cast, %tmp_15_cast

ST_9: tmp_16_cast (99)  [1/1] 0.00ns  loc: resource/lab3/dct.c:51
.preheader:16  %tmp_16_cast = zext i8 %tmp_12 to i32

ST_9: col_outbuf_addr (100)  [1/1] 0.00ns  loc: resource/lab3/dct.c:51
.preheader:17  %col_outbuf_addr = getelementptr [64 x i16]* %col_outbuf, i32 0, i32 %tmp_16_cast

ST_9: col_outbuf_load (104)  [2/2] 2.71ns  loc: resource/lab3/dct.c:51
.preheader:21  %col_outbuf_load = load i16* %col_outbuf_addr, align 2

ST_9: i_7 (107)  [1/1] 0.80ns  loc: resource/lab3/dct.c:50
.preheader:24  %i_7 = add i4 %i_3_mid2, 1


 <State 10>: 5.42ns
ST_10: StgValue_88 (84)  [1/1] 0.00ns
.preheader:1  call void (...)* @_ssdm_op_SpecLoopName([42 x i8]* @Xpose_Col_Outer_Loop)

ST_10: empty_8 (85)  [1/1] 0.00ns
.preheader:2  %empty_8 = call i32 (...)* @_ssdm_op_SpecLoopTripCount(i64 64, i64 64, i64 64)

ST_10: tmp_8 (90)  [1/1] 0.00ns  loc: resource/lab3/dct.c:48
.preheader:7  %tmp_8 = call i7 @_ssdm_op_BitConcatenate.i7.i4.i3(i4 %j_1_cast2_mid2_v, i3 0)

ST_10: tmp_12_cast (91)  [1/1] 0.00ns  loc: resource/lab3/dct.c:50
.preheader:8  %tmp_12_cast = zext i7 %tmp_8 to i8

ST_10: i_3_cast1_cast (92)  [1/1] 0.00ns  loc: resource/lab3/dct.c:51
.preheader:9  %i_3_cast1_cast = zext i4 %i_3_mid2 to i8

ST_10: tmp_10 (93)  [1/1] 1.72ns  loc: resource/lab3/dct.c:51
.preheader:10  %tmp_10 = add i8 %i_3_cast1_cast, %tmp_12_cast

ST_10: tmp_13_cast (94)  [1/1] 0.00ns  loc: resource/lab3/dct.c:51
.preheader:11  %tmp_13_cast = zext i8 %tmp_10 to i32

ST_10: out_block_addr (95)  [1/1] 0.00ns  loc: resource/lab3/dct.c:51
.preheader:12  %out_block_addr = getelementptr [64 x i16]* %out_block, i32 0, i32 %tmp_13_cast

ST_10: StgValue_96 (101)  [1/1] 0.00ns  loc: resource/lab3/dct.c:51
.preheader:18  call void (...)* @_ssdm_op_SpecLoopName([21 x i8]* @p_str8) nounwind

ST_10: tmp_3 (102)  [1/1] 0.00ns  loc: resource/lab3/dct.c:51
.preheader:19  %tmp_3 = call i32 (...)* @_ssdm_op_SpecRegionBegin([21 x i8]* @p_str8)

ST_10: StgValue_98 (103)  [1/1] 0.00ns  loc: resource/lab3/dct.c:52
.preheader:20  call void (...)* @_ssdm_op_SpecPipeline(i32 -1, i32 1, i32 1, i32 0, [1 x i8]* @p_str1) nounwind

ST_10: col_outbuf_load (104)  [1/2] 2.71ns  loc: resource/lab3/dct.c:51
.preheader:21  %col_outbuf_load = load i16* %col_outbuf_addr, align 2

ST_10: StgValue_100 (105)  [1/1] 2.71ns  loc: resource/lab3/dct.c:51
.preheader:22  store i16 %col_outbuf_load, i16* %out_block_addr, align 2

ST_10: empty_9 (106)  [1/1] 0.00ns  loc: resource/lab3/dct.c:51
.preheader:23  %empty_9 = call i32 (...)* @_ssdm_op_SpecRegionEnd([21 x i8]* @p_str8, i32 %tmp_3)

ST_10: StgValue_102 (108)  [1/1] 0.00ns
.preheader:25  br label %.preheader.preheader


 <State 11>: 0.00ns
ST_11: StgValue_103 (110)  [1/1] 0.00ns  loc: resource/lab3/dct.c:52
:0  ret void



============================================================
+ Verbose Summary: Timing violations
============================================================
Target clock period: 10ns, clock uncertainty: 1.25ns.

 <State 1>: 1.57ns
The critical path consists of the following:
	multiplexor before 'phi' operation ('i') with incoming values : ('i', resource/lab3/dct.c:32) [16]  (1.57 ns)

 <State 2>: 3.25ns
The critical path consists of the following:
	'icmp' operation ('tmp', resource/lab3/dct.c:32) [17]  (1.88 ns)
	blocking operation 1.37 ns on control path)

 <State 3>: 0ns
The critical path consists of the following:

 <State 4>: 7.68ns
The critical path consists of the following:
	'phi' operation ('i') with incoming values : ('i', resource/lab3/dct.c:39) [30]  (0 ns)
	'icmp' operation ('tmp_s', resource/lab3/dct.c:39) [38]  (1.88 ns)
	'select' operation ('i_1_mid2', resource/lab3/dct.c:39) [39]  (1.37 ns)
	'add' operation ('tmp_2', resource/lab3/dct.c:40) [50]  (1.72 ns)
	'getelementptr' operation ('row_outbuf_addr', resource/lab3/dct.c:40) [52]  (0 ns)
	'load' operation ('row_outbuf_load', resource/lab3/dct.c:40) on array 'row_outbuf' [56]  (2.71 ns)

 <State 5>: 5.42ns
The critical path consists of the following:
	'load' operation ('row_outbuf_load', resource/lab3/dct.c:40) on array 'row_outbuf' [56]  (2.71 ns)
	'store' operation (resource/lab3/dct.c:40) of variable 'row_outbuf_load', resource/lab3/dct.c:40 on array 'col_inbuf', resource/lab3/dct.c:27 [57]  (2.71 ns)

 <State 6>: 1.57ns
The critical path consists of the following:
	multiplexor before 'phi' operation ('i') with incoming values : ('i', resource/lab3/dct.c:43) [64]  (1.57 ns)

 <State 7>: 3.25ns
The critical path consists of the following:
	'icmp' operation ('tmp_9', resource/lab3/dct.c:43) [65]  (1.88 ns)
	blocking operation 1.37 ns on control path)

 <State 8>: 0ns
The critical path consists of the following:

 <State 9>: 7.68ns
The critical path consists of the following:
	'phi' operation ('i') with incoming values : ('i', resource/lab3/dct.c:50) [78]  (0 ns)
	'icmp' operation ('tmp_4', resource/lab3/dct.c:50) [86]  (1.88 ns)
	'select' operation ('j_1_cast2_mid2_v', resource/lab3/dct.c:48) [88]  (1.37 ns)
	'add' operation ('tmp_12', resource/lab3/dct.c:51) [98]  (1.72 ns)
	'getelementptr' operation ('col_outbuf_addr', resource/lab3/dct.c:51) [100]  (0 ns)
	'load' operation ('col_outbuf_load', resource/lab3/dct.c:51) on array 'col_outbuf' [104]  (2.71 ns)

 <State 10>: 5.42ns
The critical path consists of the following:
	'load' operation ('col_outbuf_load', resource/lab3/dct.c:51) on array 'col_outbuf' [104]  (2.71 ns)
	'store' operation (resource/lab3/dct.c:51) of variable 'col_outbuf_load', resource/lab3/dct.c:51 on array 'out_block' [105]  (2.71 ns)

 <State 11>: 0ns
The critical path consists of the following:


============================================================
+ Verbose Summary: Binding
============================================================
N/A
* FSMD analyzer results:
  - Output states:
 - Input state : 
  - Chain level:
	State 1
	State 2
	State 3
	State 4
	State 5
	State 6
	State 7
	State 8
	State 9
	State 10
	State 11


============================================================
+ Verbose Summary: Datapath Resource usage 
============================================================
N/A
